// Jest Snapshot v1, https://goo.gl/fbAQLP

exports[`<App /> has 1 child 1`] = `
<View
  style={
    Object {
      "alignItems": "center",
      "backgroundColor": "#00c2ad",
      "flex": 1,
      "justifyContent": "center",
    }
  }
>
  <ActivityIndicator
    animating={true}
    color="#fff"
    hidesWhenStopped={true}
    size="large"
  />
</View>
`;

exports[`<App /> has 1 child and matches snapshot 1`] = `
<View
  style={
    Object {
      "alignItems": "center",
      "backgroundColor": "#00c2ad",
      "flex": 1,
      "justifyContent": "center",
    }
  }
>
  <ActivityIndicator
    animating={true}
    color="#fff"
    hidesWhenStopped={true}
    size="large"
  />
</View>
`;
